******************************************************************************
                  MSP430 Linker Unix v4.3.3                    
******************************************************************************
>> Linked Fri Nov 21 18:22:12 2014

OUTPUT FILE NAME:   <nrfUsingLib.out>
ENTRY POINT SYMBOL: "_c_int00"  address: 0000c4e2


MEMORY CONFIGURATION

         name            origin    length      used     unused   attr    fill
----------------------  --------  ---------  --------  --------  ----  --------
  SFR                   00000000   00000010  00000000  00000010  RWIX
  PERIPHERALS_8BIT      00000010   000000f0  00000000  000000f0  RWIX
  PERIPHERALS_16BIT     00000100   00000100  00000000  00000100  RWIX
  RAM                   00000200   00000200  00000052  000001ae  RWIX
  INFOD                 00001000   00000040  00000000  00000040  RWIX
  INFOC                 00001040   00000040  00000000  00000040  RWIX
  INFOB                 00001080   00000040  00000000  00000040  RWIX
  INFOA                 000010c0   00000040  00000000  00000040  RWIX
  FLASH                 0000c000   00003fe0  000005f0  000039f0  RWIX
  INT00                 0000ffe0   00000002  00000000  00000002  RWIX
  INT01                 0000ffe2   00000002  00000000  00000002  RWIX
  INT02                 0000ffe4   00000002  00000002  00000000  RWIX
  INT03                 0000ffe6   00000002  00000002  00000000  RWIX
  INT04                 0000ffe8   00000002  00000000  00000002  RWIX
  INT05                 0000ffea   00000002  00000002  00000000  RWIX
  INT06                 0000ffec   00000002  00000002  00000000  RWIX
  INT07                 0000ffee   00000002  00000002  00000000  RWIX
  INT08                 0000fff0   00000002  00000002  00000000  RWIX
  INT09                 0000fff2   00000002  00000002  00000000  RWIX
  INT10                 0000fff4   00000002  00000002  00000000  RWIX
  INT11                 0000fff6   00000002  00000002  00000000  RWIX
  INT12                 0000fff8   00000002  00000002  00000000  RWIX
  INT13                 0000fffa   00000002  00000002  00000000  RWIX
  INT14                 0000fffc   00000002  00000002  00000000  RWIX
  RESET                 0000fffe   00000002  00000002  00000000  RWIX


SECTION ALLOCATION MAP

 output                                  attributes/
section   page    origin      length       input sections
--------  ----  ----------  ----------   ----------------
.init_array 
*          0    0000c000    00000000     UNINITIALIZED

.bss       0    00000200    00000002     UNINITIALIZED
                  00000200    00000002     (.common:PTX)

.TI.noinit 
*          0    00000200    00000000     UNINITIALIZED

.stack     0    000003b0    00000050     
                  000003b0    00000002     rts430_eabi.lib : boot.obj (.stack) [fill = 0]
                  000003b2    0000004e     --HOLE-- [fill = 0]

.text      0    0000c000    000005e2     
                  0000c000    000002f8     n64.obj (.text)
                  0000c2f8    0000007a     main.obj (.text:main)
                  0000c372    0000005e     rts430_eabi.lib : autoinit.obj (.text:_auto_init)
                  0000c3d0    00000040     nrf24l01.obj (.text:sendData)
                  0000c410    00000038     spi.obj (.text:spi_init)
                  0000c448    0000002e     nrf24l01.obj (.text:writeRegister)
                  0000c476    0000002a     nrf24l01.obj (.text:writeTX_PAYLOAD)
                  0000c4a0    00000022     nrf24l01.obj (.text:configNrf24l01)
                  0000c4c2    00000020     nrf24l01.obj (.text:writeCONFIG)
                  0000c4e2    0000001a     rts430_eabi.lib : boot.obj (.text:_c_int00_noexit)
                  0000c4fc    0000001a     nrf24l01.obj (.text:writeRX_PW_P)
                  0000c516    00000016     main.obj (.text:_delay_ms)
                  0000c52c    00000016     nrf24l01.obj (.text:writeRF_CH)
                  0000c542    00000016     nrf24l01.obj (.text:writeSTATUS)
                  0000c558    00000014     rts430_eabi.lib : copy_zero_init.obj (.text:decompress:ZI:__TI_zero_init)
                  0000c56c    00000010     nrf24l01.obj (.text:flushTX)
                  0000c57c    00000010     nrf24l01.obj (.text:initNrf24l01)
                  0000c58c    00000010     rts430_eabi.lib : epilog.obj (.text)
                  0000c59c    00000010     spi.obj (.text:spi_transfer)
                  0000c5ac    0000000c     nrf24l01.obj (.text:powerTxUp)
                  0000c5b8    00000008     nrf24l01.obj (.text:ssHigh)
                  0000c5c0    00000008     nrf24l01.obj (.text:ssLow)
                  0000c5c8    00000006     rts430_eabi.lib : isr_trap.obj (.text:__TI_ISR_TRAP)
                  0000c5ce    00000006     nrf24l01.obj (.text:ceHigh)
                  0000c5d4    00000006     nrf24l01.obj (.text:ceLow)
                  0000c5da    00000004     rts430_eabi.lib : pre_init.obj (.text:_system_pre_init)
                  0000c5de    00000004                     : exit.obj (.text:abort)

.const     0    0000c5e2    00000004     
                  0000c5e2    00000004     main.obj (.const:.string:$P$T0$1)

.cinit     0    0000c5e6    0000000a     
                  0000c5e6    00000004     (.cinit..bss.load) [load image, compression = zero_init]
                  0000c5ea    00000002     (__TI_handler_table)
                  0000c5ec    00000004     (__TI_cinit_table)

PORT1      0    0000ffe4    00000002     
                  0000ffe4    00000002     rts430_eabi.lib : int02.obj (.int02)

PORT2      0    0000ffe6    00000002     
                  0000ffe6    00000002     rts430_eabi.lib : int03.obj (.int03)

ADC10      0    0000ffea    00000002     
                  0000ffea    00000002     rts430_eabi.lib : int05.obj (.int05)

USCIAB0TX 
*          0    0000ffec    00000002     
                  0000ffec    00000002     rts430_eabi.lib : int06.obj (.int06)

USCIAB0RX 
*          0    0000ffee    00000002     
                  0000ffee    00000002     rts430_eabi.lib : int07.obj (.int07)

TIMER0_A1 
*          0    0000fff0    00000002     
                  0000fff0    00000002     rts430_eabi.lib : int08.obj (.int08)

TIMER0_A0 
*          0    0000fff2    00000002     
                  0000fff2    00000002     rts430_eabi.lib : int09.obj (.int09)

WDT        0    0000fff4    00000002     
                  0000fff4    00000002     rts430_eabi.lib : int10.obj (.int10)

COMPARATORA 
*          0    0000fff6    00000002     
                  0000fff6    00000002     rts430_eabi.lib : int11.obj (.int11)

TIMER1_A1 
*          0    0000fff8    00000002     
                  0000fff8    00000002     rts430_eabi.lib : int12.obj (.int12)

TIMER1_A0 
*          0    0000fffa    00000002     
                  0000fffa    00000002     rts430_eabi.lib : int13.obj (.int13)

NMI        0    0000fffc    00000002     
                  0000fffc    00000002     rts430_eabi.lib : int14.obj (.int14)

.reset     0    0000fffe    00000002     
                  0000fffe    00000002     rts430_eabi.lib : boot.obj (.reset)


LINKER GENERATED COPY TABLES

__TI_cinit_table @ 0000c5ec records: 1, size/record: 4, table size: 4
	.bss: load addr=0000c5e6, load size=00000004 bytes, run addr=00000200, run size=00000002 bytes, compression=zero_init


LINKER GENERATED HANDLER TABLE

__TI_handler_table @ 0000c5ea records: 1, size/record: 2, table size: 2
	index: 0, handler: __TI_zero_init


GLOBAL SYMBOLS: SORTED ALPHABETICALLY BY Name 

address    name
--------   ----
0000004a   ADC10AE0
000001b0   ADC10CTL0
000001b2   ADC10CTL1
00000048   ADC10DTC0
00000049   ADC10DTC1
000001b4   ADC10MEM
000001bc   ADC10SA
00000057   BCSCTL1
00000058   BCSCTL2
00000053   BCSCTL3
0000c5de   C$$EXIT
00000059   CACTL1
0000005a   CACTL2
000010fb   CALBC1_12MHZ
000010f9   CALBC1_16MHZ
000010ff   CALBC1_1MHZ
000010fd   CALBC1_8MHZ
000010fa   CALDCO_12MHZ
000010f8   CALDCO_16MHZ
000010fe   CALDCO_1MHZ
000010fc   CALDCO_8MHZ
0000005b   CAPD
00000056   DCOCTL
00000128   FCTL1
0000012a   FCTL2
0000012c   FCTL3
00000000   IE1
00000001   IE2
00000002   IFG1
00000003   IFG2
00000022   P1DIR
00000025   P1IE
00000024   P1IES
00000023   P1IFG
00000020   P1IN
00000021   P1OUT
00000027   P1REN
00000026   P1SEL
00000041   P1SEL2
0000002a   P2DIR
0000002d   P2IE
0000002c   P2IES
0000002b   P2IFG
00000028   P2IN
00000029   P2OUT
0000002f   P2REN
0000002e   P2SEL
00000042   P2SEL2
0000001a   P3DIR
00000018   P3IN
00000019   P3OUT
00000010   P3REN
0000001b   P3SEL
00000043   P3SEL2
00000172   TA0CCR0
00000174   TA0CCR1
00000176   TA0CCR2
00000162   TA0CCTL0
00000164   TA0CCTL1
00000166   TA0CCTL2
00000160   TA0CTL
0000012e   TA0IV
00000170   TA0R
00000192   TA1CCR0
00000194   TA1CCR1
00000196   TA1CCR2
00000182   TA1CCTL0
00000184   TA1CCTL1
00000186   TA1CCTL2
00000180   TA1CTL
0000011e   TA1IV
00000190   TA1R
000010db   TLV_ADC10_1_LEN
000010da   TLV_ADC10_1_TAG
000010c0   TLV_CHECKSUM
000010f7   TLV_DCO_30_LEN
000010f6   TLV_DCO_30_TAG
0000005d   UCA0ABCTL
00000062   UCA0BR0
00000063   UCA0BR1
00000060   UCA0CTL0
00000061   UCA0CTL1
0000005f   UCA0IRRCTL
0000005e   UCA0IRTCTL
00000064   UCA0MCTL
00000066   UCA0RXBUF
00000065   UCA0STAT
00000067   UCA0TXBUF
0000006a   UCB0BR0
0000006b   UCB0BR1
00000068   UCB0CTL0
00000069   UCB0CTL1
0000006c   UCB0I2CIE
00000118   UCB0I2COA
0000011a   UCB0I2CSA
0000006e   UCB0RXBUF
0000006d   UCB0STAT
0000006f   UCB0TXBUF
00000120   WDTCTL
00000400   __STACK_END
00000050   __STACK_SIZE
0000c5ec   __TI_CINIT_Base
0000c5f0   __TI_CINIT_Limit
0000c5ea   __TI_Handler_Table_Base
0000c5ec   __TI_Handler_Table_Limit
UNDEFED    __TI_INITARRAY_Base
UNDEFED    __TI_INITARRAY_Limit
0000c5c8   __TI_ISR_TRAP
00000001   __TI_args_main
00000001   __TI_exit
0000ffe4   __TI_int02
0000ffe6   __TI_int03
0000ffea   __TI_int05
0000ffec   __TI_int06
0000ffee   __TI_int07
0000fff0   __TI_int08
0000fff2   __TI_int09
0000fff4   __TI_int10
0000fff6   __TI_int11
0000fff8   __TI_int12
0000fffa   __TI_int13
0000fffc   __TI_int14
0000c558   __TI_zero_init
ffffffff   __binit__
ffffffff   __c_args__
0000c598   __mspabi_func_epilog_1
0000c596   __mspabi_func_epilog_2
0000c594   __mspabi_func_epilog_3
0000c592   __mspabi_func_epilog_4
0000c590   __mspabi_func_epilog_5
0000c58e   __mspabi_func_epilog_6
0000c58c   __mspabi_func_epilog_7
0000c372   _auto_init
0000c4e2   _c_int00
0000c4e2   _c_int00_noexit
0000c516   _delay_ms
0000fffe   _reset_vector
000003b0   _stack
0000c5da   _system_pre_init
0000c5de   abort
ffffffff   binit
0000c5ce   ceHigh
0000c5d4   ceLow
0000c4a0   configNrf24l01
0000c56c   flushTX
0000c57c   initNrf24l01
0000c410   initSPI
0000c2f8   main
0000c5ac   powerTxUp
0000c59c   sendByte
0000c3d0   sendData
0000c410   spi_init
0000c59c   spi_transfer
0000c5b8   ssHigh
0000c5c0   ssLow
0000c000   tryCommand
0000c4c2   writeCONFIG
0000c52c   writeRF_CH
0000c4fc   writeRX_PW_P
0000c448   writeRegister
0000c542   writeSTATUS
0000c476   writeTX_PAYLOAD


GLOBAL SYMBOLS: SORTED BY Symbol Address 

address    name
--------   ----
00000000   IE1
00000001   IE2
00000001   __TI_args_main
00000001   __TI_exit
00000002   IFG1
00000003   IFG2
00000010   P3REN
00000018   P3IN
00000019   P3OUT
0000001a   P3DIR
0000001b   P3SEL
00000020   P1IN
00000021   P1OUT
00000022   P1DIR
00000023   P1IFG
00000024   P1IES
00000025   P1IE
00000026   P1SEL
00000027   P1REN
00000028   P2IN
00000029   P2OUT
0000002a   P2DIR
0000002b   P2IFG
0000002c   P2IES
0000002d   P2IE
0000002e   P2SEL
0000002f   P2REN
00000041   P1SEL2
00000042   P2SEL2
00000043   P3SEL2
00000048   ADC10DTC0
00000049   ADC10DTC1
0000004a   ADC10AE0
00000050   __STACK_SIZE
00000053   BCSCTL3
00000056   DCOCTL
00000057   BCSCTL1
00000058   BCSCTL2
00000059   CACTL1
0000005a   CACTL2
0000005b   CAPD
0000005d   UCA0ABCTL
0000005e   UCA0IRTCTL
0000005f   UCA0IRRCTL
00000060   UCA0CTL0
00000061   UCA0CTL1
00000062   UCA0BR0
00000063   UCA0BR1
00000064   UCA0MCTL
00000065   UCA0STAT
00000066   UCA0RXBUF
00000067   UCA0TXBUF
00000068   UCB0CTL0
00000069   UCB0CTL1
0000006a   UCB0BR0
0000006b   UCB0BR1
0000006c   UCB0I2CIE
0000006d   UCB0STAT
0000006e   UCB0RXBUF
0000006f   UCB0TXBUF
00000118   UCB0I2COA
0000011a   UCB0I2CSA
0000011e   TA1IV
00000120   WDTCTL
00000128   FCTL1
0000012a   FCTL2
0000012c   FCTL3
0000012e   TA0IV
00000160   TA0CTL
00000162   TA0CCTL0
00000164   TA0CCTL1
00000166   TA0CCTL2
00000170   TA0R
00000172   TA0CCR0
00000174   TA0CCR1
00000176   TA0CCR2
00000180   TA1CTL
00000182   TA1CCTL0
00000184   TA1CCTL1
00000186   TA1CCTL2
00000190   TA1R
00000192   TA1CCR0
00000194   TA1CCR1
00000196   TA1CCR2
000001b0   ADC10CTL0
000001b2   ADC10CTL1
000001b4   ADC10MEM
000001bc   ADC10SA
000003b0   _stack
00000400   __STACK_END
000010c0   TLV_CHECKSUM
000010da   TLV_ADC10_1_TAG
000010db   TLV_ADC10_1_LEN
000010f6   TLV_DCO_30_TAG
000010f7   TLV_DCO_30_LEN
000010f8   CALDCO_16MHZ
000010f9   CALBC1_16MHZ
000010fa   CALDCO_12MHZ
000010fb   CALBC1_12MHZ
000010fc   CALDCO_8MHZ
000010fd   CALBC1_8MHZ
000010fe   CALDCO_1MHZ
000010ff   CALBC1_1MHZ
0000c000   tryCommand
0000c2f8   main
0000c372   _auto_init
0000c3d0   sendData
0000c410   initSPI
0000c410   spi_init
0000c448   writeRegister
0000c476   writeTX_PAYLOAD
0000c4a0   configNrf24l01
0000c4c2   writeCONFIG
0000c4e2   _c_int00
0000c4e2   _c_int00_noexit
0000c4fc   writeRX_PW_P
0000c516   _delay_ms
0000c52c   writeRF_CH
0000c542   writeSTATUS
0000c558   __TI_zero_init
0000c56c   flushTX
0000c57c   initNrf24l01
0000c58c   __mspabi_func_epilog_7
0000c58e   __mspabi_func_epilog_6
0000c590   __mspabi_func_epilog_5
0000c592   __mspabi_func_epilog_4
0000c594   __mspabi_func_epilog_3
0000c596   __mspabi_func_epilog_2
0000c598   __mspabi_func_epilog_1
0000c59c   sendByte
0000c59c   spi_transfer
0000c5ac   powerTxUp
0000c5b8   ssHigh
0000c5c0   ssLow
0000c5c8   __TI_ISR_TRAP
0000c5ce   ceHigh
0000c5d4   ceLow
0000c5da   _system_pre_init
0000c5de   C$$EXIT
0000c5de   abort
0000c5ea   __TI_Handler_Table_Base
0000c5ec   __TI_CINIT_Base
0000c5ec   __TI_Handler_Table_Limit
0000c5f0   __TI_CINIT_Limit
0000ffe4   __TI_int02
0000ffe6   __TI_int03
0000ffea   __TI_int05
0000ffec   __TI_int06
0000ffee   __TI_int07
0000fff0   __TI_int08
0000fff2   __TI_int09
0000fff4   __TI_int10
0000fff6   __TI_int11
0000fff8   __TI_int12
0000fffa   __TI_int13
0000fffc   __TI_int14
0000fffe   _reset_vector
ffffffff   __binit__
ffffffff   __c_args__
ffffffff   binit
UNDEFED    __TI_INITARRAY_Base
UNDEFED    __TI_INITARRAY_Limit

[162 symbols]
